// Jest Snapshot v1, https://goo.gl/fbAQLP

exports[`LoginForm.vue snapshot check 1`] = `
<form
  class="v-form"
  novalidate="novalidate"
>
  <div
    class="v-input v-text-field v-text-field--single-line v-text-field--solo v-text-field--enclosed v-text-field--placeholder theme--light"
  >
    <div
      class="v-input__control"
    >
      <div
        class="v-input__slot"
      >
        <div
          class="v-text-field__slot"
        >
          <input
            aria-label="Username"
            name="login"
            placeholder="Input Username"
            required="required"
            type="text"
          />
        </div>
      </div>
      <div
        class="v-text-field__details"
      >
        <div
          class="v-messages theme--light"
        >
          <div
            class="v-messages__wrapper"
          />
        </div>
      </div>
    </div>
  </div>
   
  <button
    class="v-btn v-btn--block v-btn--disabled v-btn--large theme--light primary--text"
    disabled="disabled"
    type="submit"
  >
    <div
      class="v-btn__content"
    >
      
    Connect
  
    </div>
  </button>
</form>
`;
