// Jest Snapshot v1, https://goo.gl/fbAQLP

exports[`App.vue snapshot check 1`] = `
<div
  class="application theme--light"
  data-app="true"
  id="chat-app"
>
  <div
    class="application--wrap"
  >
    <router-view-stub />
  </div>
</div>
`;
